..\Core\Src\main.c:1297:17:DRV8353_BitBangTransfer	8
..\Core\Src\main.c:2473:13:Set_AlphaBeta_SVPWM	6
..\Core\Src\main.c:2513:13:Set_DQ_SVPWM.constprop	2
..\Core\Src\main.c:1045:13:Motor_ReportDRVFaultAndShutdown	3
..\Core\Src\main.c:877:6:DWT_Init	1
..\Core\Src\main.c:884:6:delay_us	2
..\Core\Src\main.c:973:10:DRV8353_ReadSPI	2
..\Core\Src\main.c:1019:6:DRV8353_WriteSPI	1
..\Core\Src\main.c:1027:9:DRV8353_ReadFaults	4
..\Core\Src\main.c:1073:6:DRV8353_UpdateFaultLED	2
..\Core\Src\main.c:1085:6:DRV8353_ConfigureSixPWM	3
..\Core\Src\main.c:1579:10:read_adc_channel	1
..\Core\Src\main.c:1557:6:Commutate	17
..\Core\Src\main.c:5413:13:CommutateStep	6
..\Core\Src\main.c:1737:7:adc_to_current	1
..\Core\Src\main.c:1771:17:CurrentSense_GetPhaseCurrents	1
..\Core\Src\main.c:1782:6:HAL_ADCEx_InjectedConvCpltCallback	50
..\Core\Src\main.c:2052:6:read_phase_currents_and_print	1
..\Core\Src\main.c:2064:7:read_filtered_current	5
..\Core\Src\main.c:2155:10:Get_TIM1_ClockHz	2
..\Core\Src\main.c:2171:10:Get_PWM_FrequencyHz	3
..\Core\Src\main.c:2188:7:Get_CommutationStepFrequencyHz	1
..\Core\Src\main.c:2193:7:Get_MechanicalRPM	1
..\Core\Src\main.c:2407:6:TIM1_Set_EdgeAligned_For_OpenLoopPWM	3
..\Core\Src\main.c:2420:6:TIM1_Set_CenterAligned_For_SVPWM	4
..\Core\Src\main.c:5451:6:Print_Frequency_Info	2
..\Core\Src\main.c:5462:6:BLDC_SixStep	7
..\Core\Src\main.c:5488:6:BLDC_SixStep_Read	1
..\Core\Src\main.c:5526:6:BLDC_SixStep_Read_FILTERED	9
..\Core\Src\main.c:5593:6:BLDC_SixStep_RampLoop	5
..\Core\Src\main.c:5743:6:BLDC_OpenLoop_SVPWM_RampLoop	31
..\Core\Src\main.c:5954:7:get_offset_voltage	2
..\Core\Src\main.c:5967:6:return_cal_offsets	7
..\Core\Src\main.c:5998:6:CAN_Start	4
..\Core\Src\main.c:6031:9:CAN_Tx	4
..\Core\Src\main.c:6310:13:CAN_DemoSendCurrentStep	4
..\Core\Src\main.c:6060:9:CAN_Rx	4
..\Core\Src\main.c:6465:6:uart1_tx	3
..\Core\Src\main.c:6478:9:uart1_rx	4
..\Core\Src\main.c:6501:6:uart1_tx_string	5
..\Core\Src\main.c:6509:6:test_tx	4
..\Core\Src\main.c:6518:6:uart1_rx_string	4
..\Core\Src\main.c:6542:5:__io_putchar	1
..\Core\Src\main.c:6598:6:Start_PWM	1
..\Core\Src\main.c:6970:6:SystemClock_Config	3
..\Core\Src\main.c:6628:5:main	66
..\Core\Src\main.c:7533:6:Error_Handler	1
