..\Core\Src\main.c:1297:17:DRV8353_BitBangTransfer	32	static
..\Core\Src\main.c:2473:13:Set_AlphaBeta_SVPWM	8	static
..\Core\Src\main.c:2513:13:Set_DQ_SVPWM.constprop	24	static
..\Core\Src\main.c:1045:13:Motor_ReportDRVFaultAndShutdown	32	static
..\Core\Src\main.c:877:6:DWT_Init	0	static
..\Core\Src\main.c:884:6:delay_us	0	static
..\Core\Src\main.c:973:10:DRV8353_ReadSPI	16	static
..\Core\Src\main.c:1019:6:DRV8353_WriteSPI	0	static
..\Core\Src\main.c:1027:9:DRV8353_ReadFaults	24	static
..\Core\Src\main.c:1073:6:DRV8353_UpdateFaultLED	8	static
..\Core\Src\main.c:1085:6:DRV8353_ConfigureSixPWM	32	static
..\Core\Src\main.c:1579:10:read_adc_channel	40	static
..\Core\Src\main.c:1557:6:Commutate	24	static
..\Core\Src\main.c:5413:13:CommutateStep	0	static
..\Core\Src\main.c:1737:7:adc_to_current	0	static
..\Core\Src\main.c:1771:17:CurrentSense_GetPhaseCurrents	16	static,ignoring_inline_asm
..\Core\Src\main.c:1782:6:HAL_ADCEx_InjectedConvCpltCallback	152	static
..\Core\Src\main.c:2052:6:read_phase_currents_and_print	64	static
..\Core\Src\main.c:2064:7:read_filtered_current	40	static
..\Core\Src\main.c:2155:10:Get_TIM1_ClockHz	32	static
..\Core\Src\main.c:2171:10:Get_PWM_FrequencyHz	32	static
..\Core\Src\main.c:2188:7:Get_CommutationStepFrequencyHz	0	static
..\Core\Src\main.c:2193:7:Get_MechanicalRPM	0	static
..\Core\Src\main.c:2407:6:TIM1_Set_EdgeAligned_For_OpenLoopPWM	4	static
..\Core\Src\main.c:2420:6:TIM1_Set_CenterAligned_For_SVPWM	16	static,ignoring_inline_asm
..\Core\Src\main.c:5451:6:Print_Frequency_Info	32	static
..\Core\Src\main.c:5462:6:BLDC_SixStep	40	static
..\Core\Src\main.c:5488:6:BLDC_SixStep_Read	24	static
..\Core\Src\main.c:5526:6:BLDC_SixStep_Read_FILTERED	160	static
..\Core\Src\main.c:5593:6:BLDC_SixStep_RampLoop	56	static
..\Core\Src\main.c:5743:6:BLDC_OpenLoop_SVPWM_RampLoop	216	static,ignoring_inline_asm
..\Core\Src\main.c:5954:7:get_offset_voltage	32	static
..\Core\Src\main.c:5967:6:return_cal_offsets	48	static
..\Core\Src\main.c:5998:6:CAN_Start	40	static,ignoring_inline_asm
..\Core\Src\main.c:6031:9:CAN_Tx	56	static
..\Core\Src\main.c:6310:13:CAN_DemoSendCurrentStep	40	static
..\Core\Src\main.c:6060:9:CAN_Rx	56	static
..\Core\Src\main.c:6465:6:uart1_tx	0	static
..\Core\Src\main.c:6478:9:uart1_rx	0	static
..\Core\Src\main.c:6501:6:uart1_tx_string	0	static
..\Core\Src\main.c:6509:6:test_tx	8	static
..\Core\Src\main.c:6518:6:uart1_rx_string	16	static
..\Core\Src\main.c:6542:5:__io_putchar	16	static
..\Core\Src\main.c:6598:6:Start_PWM	24	static
..\Core\Src\main.c:6970:6:SystemClock_Config	88	static,ignoring_inline_asm
..\Core\Src\main.c:6628:5:main	184	static,ignoring_inline_asm
..\Core\Src\main.c:7533:6:Error_Handler	0	static,ignoring_inline_asm
