../Core/Src/main.c:3493:14:FOC_ElectricalAngleFromEncoder	0	static
../Core/Src/main.c:1436:17:DRV8353_BitBangTransfer	32	static
../Core/Src/main.c:1047:13:DRV8353_ReadSPI_Safe	24	static
../Core/Src/main.c:3159:13:Set_AlphaBeta_SVPWM	8	static
../Core/Src/main.c:2670:13:SVPWM_Log_Dump	112	static
../Core/Src/main.c:1288:13:DRV8353_PrintCSAGain	24	static
../Core/Src/main.c:2080:13:AS5048A_Transfer	32	static
../Core/Src/main.c:2095:13:AS5048A_ReadRegister	24	static
../Core/Src/main.c:3199:13:Set_DQ_SVPWM.constprop	24	static
../Core/Src/main.c:3231:13:Set_StatorField_SVPWM	0	static
../Core/Src/main.c:2109:13:AS5048A_ReadAngle	24	static
../Core/Src/main.c:3840:13:FOC_AlignmentHold.constprop	104	static,ignoring_inline_asm
../Core/Src/main.c:2755:14:Read_Max_Phase_Current_A	80	static,ignoring_inline_asm
../Core/Src/main.c:3871:13:FOC_LogSampleCapture.part.0	144	static,ignoring_inline_asm
../Core/Src/main.c:1161:13:Motor_ReportDRVFaultAndShutdown	80	static
../Core/Src/main.c:993:6:DWT_Init	0	static
../Core/Src/main.c:1000:6:delay_us	0	static
../Core/Src/main.c:1089:10:DRV8353_ReadSPI	16	static
../Core/Src/main.c:1135:6:DRV8353_WriteSPI	0	static
../Core/Src/main.c:1143:9:DRV8353_ReadFaults	24	static
../Core/Src/main.c:1212:6:DRV8353_UpdateFaultLED	8	static
../Core/Src/main.c:1224:6:DRV8353_ConfigureSixPWM	32	static
../Core/Src/main.c:2240:10:read_adc_channel	40	static
../Core/Src/main.c:2218:6:Commutate	24	static
../Core/Src/main.c:6341:13:CommutateStep	0	static
../Core/Src/main.c:2398:7:adc_to_current	0	static
../Core/Src/main.c:2432:17:CurrentSense_GetPhaseCurrents	16	static,ignoring_inline_asm
../Core/Src/main.c:2443:6:HAL_ADCEx_InjectedConvCpltCallback	160	static
../Core/Src/main.c:2713:6:read_phase_currents_and_print	64	static
../Core/Src/main.c:2725:7:read_filtered_current	40	static
../Core/Src/main.c:2816:10:Get_TIM1_ClockHz	32	static
../Core/Src/main.c:2832:10:Get_PWM_FrequencyHz	32	static
../Core/Src/main.c:2849:7:Get_CommutationStepFrequencyHz	0	static
../Core/Src/main.c:2854:7:Get_MechanicalRPM	0	static
../Core/Src/main.c:3093:6:TIM1_Set_EdgeAligned_For_OpenLoopPWM	4	static
../Core/Src/main.c:3106:6:TIM1_Set_CenterAligned_For_SVPWM	16	static,ignoring_inline_asm
../Core/Src/main.c:6379:6:Print_Frequency_Info	32	static
../Core/Src/main.c:6390:6:BLDC_SixStep	40	static
../Core/Src/main.c:6416:6:BLDC_SixStep_Read	24	static
../Core/Src/main.c:6454:6:BLDC_SixStep_Read_FILTERED	160	static
../Core/Src/main.c:6521:6:BLDC_SixStep_RampLoop	56	static
../Core/Src/main.c:6671:6:BLDC_OpenLoop_SVPWM_RampLoop	168	static,ignoring_inline_asm
../Core/Src/main.c:6890:7:get_offset_voltage	32	static
../Core/Src/main.c:6903:6:return_cal_offsets	48	static
../Core/Src/main.c:6934:6:CAN_Start	40	static,ignoring_inline_asm
../Core/Src/main.c:6967:9:CAN_Tx	56	static
../Core/Src/main.c:6996:9:CAN_Rx	56	static
../Core/Src/main.c:7401:6:uart1_tx	0	static
../Core/Src/main.c:7414:9:uart1_rx	0	static
../Core/Src/main.c:7437:6:uart1_tx_string	0	static
../Core/Src/main.c:7445:6:test_tx	8	static
../Core/Src/main.c:7454:6:uart1_rx_string	16	static
../Core/Src/main.c:7478:5:__io_putchar	16	static
../Core/Src/main.c:7534:6:Start_PWM	24	static
../Core/Src/main.c:7946:6:SystemClock_Config	88	static,ignoring_inline_asm
../Core/Src/main.c:7564:5:main	488	static,ignoring_inline_asm
../Core/Src/main.c:8509:6:Error_Handler	0	static,ignoring_inline_asm
