../Core/Src/main.c:516:13:Motor_Fault_Shutdown	8	static
../Core/Src/main.c:861:17:DRV8353_BitBangTransfer	32	static
../Core/Src/main.c:523:13:DRV8353_ReadSPI_Safe	24	static
../Core/Src/main.c:2022:13:Set_AlphaBeta_SVPWM	8	static
../Core/Src/main.c:713:13:DRV8353_PrintCSAGain	24	static
../Core/Src/main.c:983:13:AS5048A_Transfer	32	static
../Core/Src/main.c:998:13:AS5048A_ReadRegister	24	static
../Core/Src/main.c:2062:13:Set_DQ_SVPWM.constprop	24	static
../Core/Src/main.c:1012:13:AS5048A_ReadAngle	24	static
../Core/Src/main.c:2515:13:FOC_LogSampleCapture.part.0	152	static,ignoring_inline_asm
../Core/Src/main.c:2484:13:FOC_AlignmentHold.constprop	104	static,ignoring_inline_asm
../Core/Src/main.c:469:6:DWT_Init	0	static
../Core/Src/main.c:476:6:delay_us	0	static
../Core/Src/main.c:565:10:DRV8353_ReadSPI	16	static
../Core/Src/main.c:611:6:DRV8353_WriteSPI	0	static
../Core/Src/main.c:619:9:DRV8353_ReadFaults	24	static
../Core/Src/main.c:637:6:DRV8353_UpdateFaultLED	8	static
../Core/Src/main.c:649:6:DRV8353_ConfigureSixPWM	32	static
../Core/Src/main.c:1143:10:read_adc_channel	40	static
../Core/Src/main.c:1121:6:Commutate	32	static
../Core/Src/main.c:3014:13:CommutateStep	0	static
../Core/Src/main.c:1301:7:adc_to_current	0	static
../Core/Src/main.c:1335:17:CurrentSense_GetPhaseCurrents	16	static,ignoring_inline_asm
../Core/Src/main.c:1346:6:HAL_ADCEx_InjectedConvCpltCallback	160	static
../Core/Src/main.c:1616:6:read_phase_currents_and_print	64	static
../Core/Src/main.c:1628:7:read_filtered_current	40	static
../Core/Src/main.c:1719:10:Get_TIM1_ClockHz	32	static
../Core/Src/main.c:1735:10:Get_PWM_FrequencyHz	32	static
../Core/Src/main.c:1752:7:Get_CommutationStepFrequencyHz	0	static
../Core/Src/main.c:1757:7:Get_MechanicalRPM	0	static
../Core/Src/main.c:1956:6:TIM1_Set_EdgeAligned_For_OpenLoopPWM	4	static
../Core/Src/main.c:1969:6:TIM1_Set_CenterAligned_For_SVPWM	16	static,ignoring_inline_asm
../Core/Src/main.c:3052:6:Print_Frequency_Info	32	static
../Core/Src/main.c:3063:6:BLDC_SixStep	40	static
../Core/Src/main.c:3089:6:BLDC_SixStep_Read	24	static
../Core/Src/main.c:3127:6:BLDC_SixStep_Read_FILTERED	160	static
../Core/Src/main.c:3194:6:BLDC_SixStep_RampLoop	56	static
../Core/Src/main.c:3241:6:BLDC_OpenLoop_SVPWM_RampLoop	224	static,ignoring_inline_asm
../Core/Src/main.c:3407:7:get_offset_voltage	32	static
../Core/Src/main.c:3420:6:return_cal_offsets	48	static
../Core/Src/main.c:3451:6:CAN_Start	40	static,ignoring_inline_asm
../Core/Src/main.c:3482:9:CAN_Tx	56	static
../Core/Src/main.c:3508:9:CAN_Rx	56	static
../Core/Src/main.c:3528:6:CAN_Test_Send	64	static
../Core/Src/main.c:3535:6:uart1_tx	0	static
../Core/Src/main.c:3548:9:uart1_rx	0	static
../Core/Src/main.c:3571:6:uart1_tx_string	0	static
../Core/Src/main.c:3579:6:test_tx	8	static
../Core/Src/main.c:3588:6:uart1_rx_string	16	static
../Core/Src/main.c:3612:5:__io_putchar	16	static
../Core/Src/main.c:3668:6:Start_PWM	24	static
../Core/Src/main.c:3872:6:SystemClock_Config	88	static,ignoring_inline_asm
../Core/Src/main.c:3698:5:main	312	static,ignoring_inline_asm
../Core/Src/main.c:4435:6:Error_Handler	0	static,ignoring_inline_asm
