../Core/Src/main.c:121:17:fdcan_dlc_from_len	16	static
../Core/Src/main.c:137:16:len_from_fdcan_dlc	16	static
../Core/Src/main.c:153:6:DWT_Init	4	static
../Core/Src/main.c:160:6:delay_us	24	static
../Core/Src/main.c:170:16:SPI1_WaitNotBusy	24	static
../Core/Src/main.c:186:10:DRV8353_ReadSPI	32	static
../Core/Src/main.c:213:6:DRV8353_WriteSPI	32	static
../Core/Src/main.c:238:9:DRV8353_ReadFaults	8	static
../Core/Src/main.c:246:6:DRV8353_UpdateFaultLED	8	static
../Core/Src/main.c:258:6:DRV8353_ConfigureSixPWM	16	static
../Core/Src/main.c:278:20:Phase_Disconnected	16	static
../Core/Src/main.c:296:20:Phase_High	16	static
../Core/Src/main.c:320:20:Phase_Low	16	static
../Core/Src/main.c:344:6:Commutate	24	static
../Core/Src/main.c:370:10:read_adc_channel	56	static
../Core/Src/main.c:392:7:adc_to_current	24	static
../Core/Src/main.c:398:6:read_phase_currents_and_print	48	static
../Core/Src/main.c:410:7:read_filtered_current	40	static
../Core/Src/main.c:435:10:Get_TIM1_ClockHz	40	static
../Core/Src/main.c:451:10:Get_PWM_FrequencyHz	24	static
../Core/Src/main.c:468:7:Get_CommutationStepFrequencyHz	4	static
../Core/Src/main.c:473:7:Get_MechanicalRPM	4	static
../Core/Src/main.c:478:17:ElectricalHz_ToStepDelayUs	16	static
../Core/Src/main.c:488:14:RampToward	32	static
../Core/Src/main.c:512:14:ClampFloat	24	static
../Core/Src/main.c:527:14:WrapUnitTurn	16	static
../Core/Src/main.c:542:14:WrapRadians	16	static
../Core/Src/main.c:557:17:Clamp_PWM_Ticks	24	static
../Core/Src/main.c:569:13:Set_PWM_DutyTicks	16	static
../Core/Src/main.c:574:13:Debug_Status1_Set	16	static
../Core/Src/main.c:579:13:Debug_Status2_Set	16	static
../Core/Src/main.c:584:13:Debug_Status2_ToggleSlow	8	static
../Core/Src/main.c:596:13:TIM1_Force_PWM_Outputs_Enabled	4	static
../Core/Src/main.c:605:6:TIM1_Set_EdgeAligned_For_OpenLoopPWM	8	static
../Core/Src/main.c:617:6:TIM1_Set_CenterAligned_For_SVPWM	8	static
../Core/Src/main.c:633:13:Set_Phase_PWM_Ticks	32	static
../Core/Src/main.c:657:13:Inverse_Park_Transform	32	static
../Core/Src/main.c:663:13:Set_OpenLoop_SVPWM	72	static
../Core/Src/main.c:703:13:CommutateStep	16	static
../Core/Src/main.c:728:6:Print_Frequency_Info	8	static
../Core/Src/main.c:738:6:BLDC_SixStep	24	static
../Core/Src/main.c:754:6:BLDC_SixStep_Read	24	static
../Core/Src/main.c:792:6:BLDC_SixStep_Read_FILTERED	128	static
../Core/Src/main.c:859:6:BLDC_SixStep_RampLoop	32	static
../Core/Src/main.c:906:6:BLDC_OpenLoop_SVPWM_RampLoop	120	static
../Core/Src/main.c:977:7:get_offset_voltage	32	static
../Core/Src/main.c:990:6:return_cal_offsets	16	static
../Core/Src/main.c:1021:6:CAN_Start	40	static
../Core/Src/main.c:1052:9:CAN_Tx	64	static
../Core/Src/main.c:1078:9:CAN_Rx	64	static
../Core/Src/main.c:1098:6:CAN_Test_Send	16	static
../Core/Src/main.c:1105:6:uart1_tx	16	static
../Core/Src/main.c:1118:9:uart1_rx	16	static
../Core/Src/main.c:1141:6:uart1_tx_string	16	static
../Core/Src/main.c:1149:6:test_tx	8	static
../Core/Src/main.c:1158:6:uart1_rx_string	24	static
../Core/Src/main.c:1182:5:__io_putchar	16	static
../Core/Src/main.c:1188:6:Start_PWM	8	static
../Core/Src/main.c:1217:5:main	8	static
../Core/Src/main.c:1278:6:SystemClock_Config	88	static
../Core/Src/main.c:1326:13:MX_ADC1_Init	56	static
../Core/Src/main.c:1394:13:MX_FDCAN1_Init	8	static
../Core/Src/main.c:1437:13:MX_I2C3_Init	8	static
../Core/Src/main.c:1485:13:MX_SPI1_Init	8	static
../Core/Src/main.c:1525:13:MX_SPI3_Init	8	static
../Core/Src/main.c:1565:13:MX_TIM1_Init	120	static
../Core/Src/main.c:1657:13:MX_USART1_UART_Init	8	static
../Core/Src/main.c:1705:13:MX_USB_PCD_Init	8	static
../Core/Src/main.c:1738:13:MX_GPIO_Init	48	static
../Core/Src/main.c:1806:6:Error_Handler	4	static,ignoring_inline_asm
