../Core/Src/main.c:4198:14:FOC_ElectricalAngleFromEncoder	0	static
../Core/Src/main.c:2050:17:DRV8353_BitBangTransfer	32	static
../Core/Src/main.c:1661:13:DRV8353_ReadSPI_Safe	24	static
../Core/Src/main.c:3860:13:Set_AlphaBeta_SVPWM	8	static
../Core/Src/main.c:3284:13:SVPWM_Log_Dump	112	static
../Core/Src/main.c:1902:13:DRV8353_PrintCSAGain	24	static
../Core/Src/main.c:2694:13:AS5048A_Transfer	32	static
../Core/Src/main.c:2709:13:AS5048A_ReadRegister	24	static
../Core/Src/main.c:3900:13:Set_DQ_SVPWM.constprop	24	static
../Core/Src/main.c:3932:13:Set_StatorField_SVPWM	0	static
../Core/Src/main.c:2723:13:AS5048A_ReadAngle	24	static
../Core/Src/main.c:4581:13:FOC_AlignmentHold.constprop	104	static,ignoring_inline_asm
../Core/Src/main.c:3369:14:Read_Max_Phase_Current_A	80	static,ignoring_inline_asm
../Core/Src/main.c:4615:13:FOC_LogSampleCapture	144	static,ignoring_inline_asm
../Core/Src/main.c:1775:13:Motor_ReportDRVFaultAndShutdown	80	static
../Core/Src/main.c:1607:6:DWT_Init	0	static
../Core/Src/main.c:1614:6:delay_us	0	static
../Core/Src/main.c:1703:10:DRV8353_ReadSPI	16	static
../Core/Src/main.c:1749:6:DRV8353_WriteSPI	0	static
../Core/Src/main.c:1757:9:DRV8353_ReadFaults	24	static
../Core/Src/main.c:1826:6:DRV8353_UpdateFaultLED	8	static
../Core/Src/main.c:1838:6:DRV8353_ConfigureSixPWM	32	static
../Core/Src/main.c:2854:10:read_adc_channel	40	static
../Core/Src/main.c:2832:6:Commutate	24	static
../Core/Src/main.c:8757:13:CommutateStep	0	static
../Core/Src/main.c:3012:7:adc_to_current	0	static
../Core/Src/main.c:3046:17:CurrentSense_GetPhaseCurrents	16	static,ignoring_inline_asm
../Core/Src/main.c:3057:6:HAL_ADCEx_InjectedConvCpltCallback	160	static
../Core/Src/main.c:3327:6:read_phase_currents_and_print	64	static
../Core/Src/main.c:3339:7:read_filtered_current	40	static
../Core/Src/main.c:3430:10:Get_TIM1_ClockHz	32	static
../Core/Src/main.c:3446:10:Get_PWM_FrequencyHz	32	static
../Core/Src/main.c:3463:7:Get_CommutationStepFrequencyHz	0	static
../Core/Src/main.c:3468:7:Get_MechanicalRPM	0	static
../Core/Src/main.c:3794:6:TIM1_Set_EdgeAligned_For_OpenLoopPWM	4	static
../Core/Src/main.c:3807:6:TIM1_Set_CenterAligned_For_SVPWM	16	static,ignoring_inline_asm
../Core/Src/main.c:8795:6:Print_Frequency_Info	32	static
../Core/Src/main.c:8806:6:BLDC_SixStep	40	static
../Core/Src/main.c:8832:6:BLDC_SixStep_Read	24	static
../Core/Src/main.c:8870:6:BLDC_SixStep_Read_FILTERED	160	static
../Core/Src/main.c:8937:6:BLDC_SixStep_RampLoop	56	static
../Core/Src/main.c:9087:6:BLDC_OpenLoop_SVPWM_RampLoop	168	static,ignoring_inline_asm
../Core/Src/main.c:9306:7:get_offset_voltage	32	static
../Core/Src/main.c:9319:6:return_cal_offsets	48	static
../Core/Src/main.c:9350:6:CAN_Start	40	static,ignoring_inline_asm
../Core/Src/main.c:9405:9:CAN_Tx	56	static
../Core/Src/main.c:9434:9:CAN_Rx	56	static
../Core/Src/main.c:10474:6:uart1_tx	0	static
../Core/Src/main.c:10487:9:uart1_rx	0	static
../Core/Src/main.c:10510:6:uart1_tx_string	0	static
../Core/Src/main.c:10518:6:test_tx	8	static
../Core/Src/main.c:10527:6:uart1_rx_string	16	static
../Core/Src/main.c:10551:5:__io_putchar	16	static
../Core/Src/main.c:10627:6:Start_PWM	24	static
../Core/Src/main.c:11073:6:SystemClock_Config	88	static,ignoring_inline_asm
../Core/Src/main.c:10657:5:main	528	static,ignoring_inline_asm
../Core/Src/main.c:11640:6:Error_Handler	0	static,ignoring_inline_asm
