../Core/Src/main.c:677:13:Motor_Fault_Shutdown	8	static
../Core/Src/main.c:1022:17:DRV8353_BitBangTransfer	32	static
../Core/Src/main.c:684:13:DRV8353_ReadSPI_Safe	24	static
../Core/Src/main.c:2198:13:Set_AlphaBeta_SVPWM	8	static
../Core/Src/main.c:874:13:DRV8353_PrintCSAGain	24	static
../Core/Src/main.c:1144:13:AS5048A_Transfer	32	static
../Core/Src/main.c:1159:13:AS5048A_ReadRegister	24	static
../Core/Src/main.c:2238:13:Set_DQ_SVPWM.constprop	24	static
../Core/Src/main.c:1173:13:AS5048A_ReadAngle	24	static
../Core/Src/main.c:2910:13:FOC_LogSampleCapture.part.0	152	static,ignoring_inline_asm
../Core/Src/main.c:2879:13:FOC_AlignmentHold.constprop	104	static,ignoring_inline_asm
../Core/Src/main.c:630:6:DWT_Init	0	static
../Core/Src/main.c:637:6:delay_us	0	static
../Core/Src/main.c:726:10:DRV8353_ReadSPI	16	static
../Core/Src/main.c:772:6:DRV8353_WriteSPI	0	static
../Core/Src/main.c:780:9:DRV8353_ReadFaults	24	static
../Core/Src/main.c:798:6:DRV8353_UpdateFaultLED	8	static
../Core/Src/main.c:810:6:DRV8353_ConfigureSixPWM	32	static
../Core/Src/main.c:1304:10:read_adc_channel	40	static
../Core/Src/main.c:1282:6:Commutate	32	static
../Core/Src/main.c:4027:13:CommutateStep	0	static
../Core/Src/main.c:1462:7:adc_to_current	0	static
../Core/Src/main.c:1496:17:CurrentSense_GetPhaseCurrents	16	static,ignoring_inline_asm
../Core/Src/main.c:1507:6:HAL_ADCEx_InjectedConvCpltCallback	160	static
../Core/Src/main.c:1777:6:read_phase_currents_and_print	64	static
../Core/Src/main.c:1789:7:read_filtered_current	40	static
../Core/Src/main.c:1880:10:Get_TIM1_ClockHz	32	static
../Core/Src/main.c:1896:10:Get_PWM_FrequencyHz	32	static
../Core/Src/main.c:1913:7:Get_CommutationStepFrequencyHz	0	static
../Core/Src/main.c:1918:7:Get_MechanicalRPM	0	static
../Core/Src/main.c:2132:6:TIM1_Set_EdgeAligned_For_OpenLoopPWM	4	static
../Core/Src/main.c:2145:6:TIM1_Set_CenterAligned_For_SVPWM	16	static,ignoring_inline_asm
../Core/Src/main.c:4065:6:Print_Frequency_Info	32	static
../Core/Src/main.c:4076:6:BLDC_SixStep	40	static
../Core/Src/main.c:4102:6:BLDC_SixStep_Read	24	static
../Core/Src/main.c:4140:6:BLDC_SixStep_Read_FILTERED	160	static
../Core/Src/main.c:4207:6:BLDC_SixStep_RampLoop	56	static
../Core/Src/main.c:4254:6:BLDC_OpenLoop_SVPWM_RampLoop	224	static,ignoring_inline_asm
../Core/Src/main.c:4420:7:get_offset_voltage	32	static
../Core/Src/main.c:4433:6:return_cal_offsets	48	static
../Core/Src/main.c:4464:6:CAN_Start	40	static,ignoring_inline_asm
../Core/Src/main.c:4495:9:CAN_Tx	56	static
../Core/Src/main.c:4521:9:CAN_Rx	56	static
../Core/Src/main.c:4541:6:CAN_Test_Send	64	static
../Core/Src/main.c:4548:6:uart1_tx	0	static
../Core/Src/main.c:4561:9:uart1_rx	0	static
../Core/Src/main.c:4584:6:uart1_tx_string	0	static
../Core/Src/main.c:4592:6:test_tx	8	static
../Core/Src/main.c:4601:6:uart1_rx_string	16	static
../Core/Src/main.c:4625:5:__io_putchar	16	static
../Core/Src/main.c:4681:6:Start_PWM	24	static
../Core/Src/main.c:4929:6:SystemClock_Config	88	static,ignoring_inline_asm
../Core/Src/main.c:4711:5:main	408	static,ignoring_inline_asm
../Core/Src/main.c:5492:6:Error_Handler	0	static,ignoring_inline_asm
