../Core/Src/main.c:677:13:Motor_Fault_Shutdown	1
../Core/Src/main.c:1022:17:DRV8353_BitBangTransfer	8
../Core/Src/main.c:684:13:DRV8353_ReadSPI_Safe	3
../Core/Src/main.c:2198:13:Set_AlphaBeta_SVPWM	6
../Core/Src/main.c:874:13:DRV8353_PrintCSAGain	4
../Core/Src/main.c:1144:13:AS5048A_Transfer	4
../Core/Src/main.c:1159:13:AS5048A_ReadRegister	3
../Core/Src/main.c:2238:13:Set_DQ_SVPWM.constprop	2
../Core/Src/main.c:1173:13:AS5048A_ReadAngle	9
../Core/Src/main.c:2910:13:FOC_LogSampleCapture.part.0	4
../Core/Src/main.c:2879:13:FOC_AlignmentHold.constprop	13
../Core/Src/main.c:630:6:DWT_Init	1
../Core/Src/main.c:637:6:delay_us	2
../Core/Src/main.c:726:10:DRV8353_ReadSPI	2
../Core/Src/main.c:772:6:DRV8353_WriteSPI	1
../Core/Src/main.c:780:9:DRV8353_ReadFaults	4
../Core/Src/main.c:798:6:DRV8353_UpdateFaultLED	2
../Core/Src/main.c:810:6:DRV8353_ConfigureSixPWM	3
../Core/Src/main.c:1304:10:read_adc_channel	1
../Core/Src/main.c:1282:6:Commutate	17
../Core/Src/main.c:4027:13:CommutateStep	6
../Core/Src/main.c:1462:7:adc_to_current	1
../Core/Src/main.c:1496:17:CurrentSense_GetPhaseCurrents	1
../Core/Src/main.c:1507:6:HAL_ADCEx_InjectedConvCpltCallback	54
../Core/Src/main.c:1777:6:read_phase_currents_and_print	1
../Core/Src/main.c:1789:7:read_filtered_current	5
../Core/Src/main.c:1880:10:Get_TIM1_ClockHz	2
../Core/Src/main.c:1896:10:Get_PWM_FrequencyHz	3
../Core/Src/main.c:1913:7:Get_CommutationStepFrequencyHz	1
../Core/Src/main.c:1918:7:Get_MechanicalRPM	1
../Core/Src/main.c:2132:6:TIM1_Set_EdgeAligned_For_OpenLoopPWM	3
../Core/Src/main.c:2145:6:TIM1_Set_CenterAligned_For_SVPWM	4
../Core/Src/main.c:4065:6:Print_Frequency_Info	2
../Core/Src/main.c:4076:6:BLDC_SixStep	7
../Core/Src/main.c:4102:6:BLDC_SixStep_Read	1
../Core/Src/main.c:4140:6:BLDC_SixStep_Read_FILTERED	9
../Core/Src/main.c:4207:6:BLDC_SixStep_RampLoop	5
../Core/Src/main.c:4254:6:BLDC_OpenLoop_SVPWM_RampLoop	19
../Core/Src/main.c:4420:7:get_offset_voltage	2
../Core/Src/main.c:4433:6:return_cal_offsets	7
../Core/Src/main.c:4464:6:CAN_Start	4
../Core/Src/main.c:4495:9:CAN_Tx	3
../Core/Src/main.c:4521:9:CAN_Rx	3
../Core/Src/main.c:4541:6:CAN_Test_Send	3
../Core/Src/main.c:4548:6:uart1_tx	3
../Core/Src/main.c:4561:9:uart1_rx	4
../Core/Src/main.c:4584:6:uart1_tx_string	5
../Core/Src/main.c:4592:6:test_tx	4
../Core/Src/main.c:4601:6:uart1_rx_string	4
../Core/Src/main.c:4625:5:__io_putchar	1
../Core/Src/main.c:4681:6:Start_PWM	1
../Core/Src/main.c:4929:6:SystemClock_Config	3
../Core/Src/main.c:4711:5:main	147
../Core/Src/main.c:5492:6:Error_Handler	1
