../Core/Src/main.c:1335:17:DRV8353_BitBangTransfer	32	static
../Core/Src/main.c:969:13:DRV8353_ReadSPI_Safe	24	static
../Core/Src/main.c:3058:13:Set_AlphaBeta_SVPWM	8	static
../Core/Src/main.c:2569:13:SVPWM_Log_Dump	112	static
../Core/Src/main.c:1187:13:DRV8353_PrintCSAGain	24	static
../Core/Src/main.c:3098:13:Set_DQ_SVPWM.constprop	24	static
../Core/Src/main.c:2654:14:Read_Max_Phase_Current_A	80	static,ignoring_inline_asm
../Core/Src/main.c:1083:13:Motor_ReportDRVFaultAndShutdown	32	static
../Core/Src/main.c:915:6:DWT_Init	0	static
../Core/Src/main.c:922:6:delay_us	0	static
../Core/Src/main.c:1011:10:DRV8353_ReadSPI	16	static
../Core/Src/main.c:1057:6:DRV8353_WriteSPI	0	static
../Core/Src/main.c:1065:9:DRV8353_ReadFaults	24	static
../Core/Src/main.c:1111:6:DRV8353_UpdateFaultLED	8	static
../Core/Src/main.c:1123:6:DRV8353_ConfigureSixPWM	32	static
../Core/Src/main.c:1837:6:W_SVPWM_Update	0	static
../Core/Src/main.c:1458:6:W_SVPWM_Start	80	static
../Core/Src/main.c:1500:6:W_SVPWM_Start_Efficient	72	static
../Core/Src/main.c:1550:6:W_SVPWM_Start_Efficient_Ramp	80	static
../Core/Src/main.c:1611:6:W_SVPWM_Start_Efficient_Ramp_Counter	96	static
../Core/Src/main.c:1699:6:W_SVPWM_Start_Efficient_Copilot	104	static
../Core/Src/main.c:1961:6:W_Assert_SVPWM_	0	static
../Core/Src/main.c:1968:6:HAL_TIM_OC_DelayElapsedCallback	0	static
../Core/Src/main.c:2139:10:read_adc_channel	40	static
../Core/Src/main.c:2117:6:Commutate	24	static
../Core/Src/main.c:5998:13:CommutateStep	0	static
../Core/Src/main.c:2297:7:adc_to_current	0	static
../Core/Src/main.c:2331:17:CurrentSense_GetPhaseCurrents	16	static,ignoring_inline_asm
../Core/Src/main.c:2342:6:HAL_ADCEx_InjectedConvCpltCallback	160	static
../Core/Src/main.c:2612:6:read_phase_currents_and_print	64	static
../Core/Src/main.c:2624:7:read_filtered_current	40	static
../Core/Src/main.c:2715:10:Get_TIM1_ClockHz	32	static
../Core/Src/main.c:2731:10:Get_PWM_FrequencyHz	32	static
../Core/Src/main.c:2748:7:Get_CommutationStepFrequencyHz	0	static
../Core/Src/main.c:2753:7:Get_MechanicalRPM	0	static
../Core/Src/main.c:2992:6:TIM1_Set_EdgeAligned_For_OpenLoopPWM	4	static
../Core/Src/main.c:3005:6:TIM1_Set_CenterAligned_For_SVPWM	16	static,ignoring_inline_asm
../Core/Src/main.c:6036:6:Print_Frequency_Info	32	static
../Core/Src/main.c:6047:6:BLDC_SixStep	40	static
../Core/Src/main.c:6073:6:BLDC_SixStep_Read	24	static
../Core/Src/main.c:6111:6:BLDC_SixStep_Read_FILTERED	160	static
../Core/Src/main.c:6178:6:BLDC_SixStep_RampLoop	56	static
../Core/Src/main.c:6328:6:BLDC_OpenLoop_SVPWM_RampLoop	168	static,ignoring_inline_asm
../Core/Src/main.c:6547:7:get_offset_voltage	32	static
../Core/Src/main.c:6560:6:return_cal_offsets	48	static
../Core/Src/main.c:6591:6:CAN_Start	40	static,ignoring_inline_asm
../Core/Src/main.c:6624:9:CAN_Tx	56	static
../Core/Src/main.c:6653:9:CAN_Rx	56	static
../Core/Src/main.c:7058:6:uart1_tx	0	static
../Core/Src/main.c:7071:9:uart1_rx	0	static
../Core/Src/main.c:7094:6:uart1_tx_string	0	static
../Core/Src/main.c:7102:6:test_tx	8	static
../Core/Src/main.c:7111:6:uart1_rx_string	16	static
../Core/Src/main.c:7135:5:__io_putchar	16	static
../Core/Src/main.c:7191:6:Start_PWM	24	static
../Core/Src/main.c:1934:6:Will_SVPWM_Implementation	24	static
../Core/Src/main.c:7584:6:SystemClock_Config	88	static,ignoring_inline_asm
../Core/Src/main.c:7221:5:main	184	static,ignoring_inline_asm
../Core/Src/main.c:8147:6:Error_Handler	0	static,ignoring_inline_asm
