../Core/Src/main.c:100:17:fdcan_dlc_from_len	16	static
../Core/Src/main.c:116:16:len_from_fdcan_dlc	16	static
../Core/Src/main.c:132:6:DWT_Init	4	static
../Core/Src/main.c:139:6:delay_us	24	static
../Core/Src/main.c:149:10:DRV8353_ReadSPI	32	static
../Core/Src/main.c:165:6:DRV8353_WriteSPI	32	static
../Core/Src/main.c:179:20:Phase_Disconnected	16	static
../Core/Src/main.c:197:20:Phase_High	16	static
../Core/Src/main.c:221:20:Phase_Low	16	static
../Core/Src/main.c:245:6:Commutate	24	static
../Core/Src/main.c:271:10:read_adc_channel	56	static
../Core/Src/main.c:293:7:adc_to_current	24	static
../Core/Src/main.c:299:6:read_phase_currents_and_print	48	static
../Core/Src/main.c:311:7:read_filtered_current	40	static
../Core/Src/main.c:336:10:Get_TIM1_ClockHz	40	static
../Core/Src/main.c:352:10:Get_PWM_FrequencyHz	24	static
../Core/Src/main.c:361:7:Get_CommutationStepFrequencyHz	4	static
../Core/Src/main.c:366:7:Get_MechanicalRPM	4	static
../Core/Src/main.c:371:17:ElectricalHz_ToStepDelayUs	16	static
../Core/Src/main.c:381:14:RampToward	32	static
../Core/Src/main.c:405:13:Set_PWM_DutyTicks	24	static
../Core/Src/main.c:417:13:CommutateStep	16	static
../Core/Src/main.c:442:6:Print_Frequency_Info	8	static
../Core/Src/main.c:452:6:BLDC_SixStep	24	static
../Core/Src/main.c:466:6:BLDC_SixStep_Read	24	static
../Core/Src/main.c:502:6:BLDC_SixStep_Read_FILTERED	128	static
../Core/Src/main.c:567:6:BLDC_SixStep_RampLoop	32	static
../Core/Src/main.c:612:7:get_offset_voltage	32	static
../Core/Src/main.c:625:6:return_cal_offsets	16	static
../Core/Src/main.c:656:6:CAN_Start	40	static
../Core/Src/main.c:687:9:CAN_Tx	64	static
../Core/Src/main.c:713:9:CAN_Rx	64	static
../Core/Src/main.c:733:6:CAN_Test_Send	16	static
../Core/Src/main.c:740:6:uart1_tx	16	static
../Core/Src/main.c:753:9:uart1_rx	16	static
../Core/Src/main.c:776:6:uart1_tx_string	16	static
../Core/Src/main.c:784:6:test_tx	8	static
../Core/Src/main.c:793:6:uart1_rx_string	24	static
../Core/Src/main.c:817:5:__io_putchar	16	static
../Core/Src/main.c:823:6:Start_PWM	8	static
../Core/Src/main.c:843:5:main	8	static
../Core/Src/main.c:901:6:SystemClock_Config	88	static
../Core/Src/main.c:949:13:MX_ADC1_Init	56	static
../Core/Src/main.c:1017:13:MX_FDCAN1_Init	8	static
../Core/Src/main.c:1060:13:MX_I2C3_Init	8	static
../Core/Src/main.c:1108:13:MX_SPI1_Init	8	static
../Core/Src/main.c:1148:13:MX_SPI3_Init	8	static
../Core/Src/main.c:1188:13:MX_TIM1_Init	120	static
../Core/Src/main.c:1280:13:MX_USART1_UART_Init	8	static
../Core/Src/main.c:1328:13:MX_USB_PCD_Init	8	static
../Core/Src/main.c:1361:13:MX_GPIO_Init	48	static
../Core/Src/main.c:1419:6:Error_Handler	4	static,ignoring_inline_asm
