../Drivers/STM32G4xx_HAL_Driver/Src/stm32g4xx_hal_tim.c:7159:13:TIM_OC1_SetConfig	12	static
../Drivers/STM32G4xx_HAL_Driver/Src/stm32g4xx_hal_tim.c:7313:13:TIM_OC3_SetConfig	12	static
../Drivers/STM32G4xx_HAL_Driver/Src/stm32g4xx_hal_tim.c:7389:13:TIM_OC4_SetConfig	12	static
../Drivers/STM32G4xx_HAL_Driver/Src/stm32g4xx_hal_tim.c:7468:13:TIM_OC5_SetConfig	8	static
../Drivers/STM32G4xx_HAL_Driver/Src/stm32g4xx_hal_tim.c:7522:13:TIM_OC6_SetConfig	8	static
../Drivers/STM32G4xx_HAL_Driver/Src/stm32g4xx_hal_tim.c:7782:13:TIM_TI1_ConfigInputStage	4	static
../Drivers/STM32G4xx_HAL_Driver/Src/stm32g4xx_hal_tim.c:7834:13:TIM_TI2_SetConfig	4	static
../Drivers/STM32G4xx_HAL_Driver/Src/stm32g4xx_hal_tim.c:7577:26:TIM_SlaveTimer_SetConfig.constprop	16	static
../Drivers/STM32G4xx_HAL_Driver/Src/stm32g4xx_hal_tim.c:384:13:HAL_TIM_Base_MspInit	0	static
../Drivers/STM32G4xx_HAL_Driver/Src/stm32g4xx_hal_tim.c:399:13:HAL_TIM_Base_MspDeInit	0	static
../Drivers/STM32G4xx_HAL_Driver/Src/stm32g4xx_hal_tim.c:341:19:HAL_TIM_Base_DeInit	8	static
../Drivers/STM32G4xx_HAL_Driver/Src/stm32g4xx_hal_tim.c:415:19:HAL_TIM_Base_Start	0	static
../Drivers/STM32G4xx_HAL_Driver/Src/stm32g4xx_hal_tim.c:454:19:HAL_TIM_Base_Stop	0	static
../Drivers/STM32G4xx_HAL_Driver/Src/stm32g4xx_hal_tim.c:474:19:HAL_TIM_Base_Start_IT	0	static
../Drivers/STM32G4xx_HAL_Driver/Src/stm32g4xx_hal_tim.c:516:19:HAL_TIM_Base_Stop_IT	0	static
../Drivers/STM32G4xx_HAL_Driver/Src/stm32g4xx_hal_tim.c:541:19:HAL_TIM_Base_Start_DMA	16	static
../Drivers/STM32G4xx_HAL_Driver/Src/stm32g4xx_hal_tim.c:610:19:HAL_TIM_Base_Stop_DMA	8	static
../Drivers/STM32G4xx_HAL_Driver/Src/stm32g4xx_hal_tim.c:768:13:HAL_TIM_OC_MspInit	0	static
../Drivers/STM32G4xx_HAL_Driver/Src/stm32g4xx_hal_tim.c:783:13:HAL_TIM_OC_MspDeInit	0	static
../Drivers/STM32G4xx_HAL_Driver/Src/stm32g4xx_hal_tim.c:725:19:HAL_TIM_OC_DeInit	8	static
../Drivers/STM32G4xx_HAL_Driver/Src/stm32g4xx_hal_tim.c:806:19:HAL_TIM_OC_Start	0	static
../Drivers/STM32G4xx_HAL_Driver/Src/stm32g4xx_hal_tim.c:862:19:HAL_TIM_OC_Stop	4	static
../Drivers/STM32G4xx_HAL_Driver/Src/stm32g4xx_hal_tim.c:897:19:HAL_TIM_OC_Start_IT	0	static
../Drivers/STM32G4xx_HAL_Driver/Src/stm32g4xx_hal_tim.c:990:19:HAL_TIM_OC_Stop_IT	4	static
../Drivers/STM32G4xx_HAL_Driver/Src/stm32g4xx_hal_tim.c:1067:19:HAL_TIM_OC_Start_DMA	16	static
../Drivers/STM32G4xx_HAL_Driver/Src/stm32g4xx_hal_tim.c:1231:19:HAL_TIM_OC_Stop_DMA	16	static
../Drivers/STM32G4xx_HAL_Driver/Src/stm32g4xx_hal_tim.c:1437:13:HAL_TIM_PWM_MspInit	0	static
../Drivers/STM32G4xx_HAL_Driver/Src/stm32g4xx_hal_tim.c:1452:13:HAL_TIM_PWM_MspDeInit	0	static
../Drivers/STM32G4xx_HAL_Driver/Src/stm32g4xx_hal_tim.c:1394:19:HAL_TIM_PWM_DeInit	8	static
../Drivers/STM32G4xx_HAL_Driver/Src/stm32g4xx_hal_tim.c:1475:19:HAL_TIM_PWM_Start	0	static
../Drivers/STM32G4xx_HAL_Driver/Src/stm32g4xx_hal_tim.c:1531:19:HAL_TIM_PWM_Stop	0	static
../Drivers/STM32G4xx_HAL_Driver/Src/stm32g4xx_hal_tim.c:1566:19:HAL_TIM_PWM_Start_IT	0	static
../Drivers/STM32G4xx_HAL_Driver/Src/stm32g4xx_hal_tim.c:1659:19:HAL_TIM_PWM_Stop_IT	0	static
../Drivers/STM32G4xx_HAL_Driver/Src/stm32g4xx_hal_tim.c:1736:19:HAL_TIM_PWM_Start_DMA	0	static
../Drivers/STM32G4xx_HAL_Driver/Src/stm32g4xx_hal_tim.c:1899:19:HAL_TIM_PWM_Stop_DMA	0	static
../Drivers/STM32G4xx_HAL_Driver/Src/stm32g4xx_hal_tim.c:2105:13:HAL_TIM_IC_MspInit	0	static
../Drivers/STM32G4xx_HAL_Driver/Src/stm32g4xx_hal_tim.c:2120:13:HAL_TIM_IC_MspDeInit	0	static
../Drivers/STM32G4xx_HAL_Driver/Src/stm32g4xx_hal_tim.c:2062:19:HAL_TIM_IC_DeInit	8	static
../Drivers/STM32G4xx_HAL_Driver/Src/stm32g4xx_hal_tim.c:2141:19:HAL_TIM_IC_Start	0	static
../Drivers/STM32G4xx_HAL_Driver/Src/stm32g4xx_hal_tim.c:2193:19:HAL_TIM_IC_Stop	8	static
../Drivers/STM32G4xx_HAL_Driver/Src/stm32g4xx_hal_tim.c:2223:19:HAL_TIM_IC_Start_IT	0	static
../Drivers/STM32G4xx_HAL_Driver/Src/stm32g4xx_hal_tim.c:2315:19:HAL_TIM_IC_Stop_IT	0	static
../Drivers/STM32G4xx_HAL_Driver/Src/stm32g4xx_hal_tim.c:2387:19:HAL_TIM_IC_Start_DMA	16	static
../Drivers/STM32G4xx_HAL_Driver/Src/stm32g4xx_hal_tim.c:2546:19:HAL_TIM_IC_Stop_DMA	16	static
../Drivers/STM32G4xx_HAL_Driver/Src/stm32g4xx_hal_tim.c:2765:13:HAL_TIM_OnePulse_MspInit	0	static
../Drivers/STM32G4xx_HAL_Driver/Src/stm32g4xx_hal_tim.c:2780:13:HAL_TIM_OnePulse_MspDeInit	0	static
../Drivers/STM32G4xx_HAL_Driver/Src/stm32g4xx_hal_tim.c:2720:19:HAL_TIM_OnePulse_DeInit	8	static
../Drivers/STM32G4xx_HAL_Driver/Src/stm32g4xx_hal_tim.c:2800:19:HAL_TIM_OnePulse_Start	4	static
../Drivers/STM32G4xx_HAL_Driver/Src/stm32g4xx_hal_tim.c:2857:19:HAL_TIM_OnePulse_Stop	0	static
../Drivers/STM32G4xx_HAL_Driver/Src/stm32g4xx_hal_tim.c:2900:19:HAL_TIM_OnePulse_Start_IT	4	static
../Drivers/STM32G4xx_HAL_Driver/Src/stm32g4xx_hal_tim.c:2963:19:HAL_TIM_OnePulse_Stop_IT	0	static
../Drivers/STM32G4xx_HAL_Driver/Src/stm32g4xx_hal_tim.c:3202:13:HAL_TIM_Encoder_MspInit	0	static
../Drivers/STM32G4xx_HAL_Driver/Src/stm32g4xx_hal_tim.c:3217:13:HAL_TIM_Encoder_MspDeInit	0	static
../Drivers/STM32G4xx_HAL_Driver/Src/stm32g4xx_hal_tim.c:3157:19:HAL_TIM_Encoder_DeInit	8	static
../Drivers/STM32G4xx_HAL_Driver/Src/stm32g4xx_hal_tim.c:3237:19:HAL_TIM_Encoder_Start	4	static
../Drivers/STM32G4xx_HAL_Driver/Src/stm32g4xx_hal_tim.c:3331:19:HAL_TIM_Encoder_Stop	0	static
../Drivers/STM32G4xx_HAL_Driver/Src/stm32g4xx_hal_tim.c:3391:19:HAL_TIM_Encoder_Start_IT	4	static
../Drivers/STM32G4xx_HAL_Driver/Src/stm32g4xx_hal_tim.c:3491:19:HAL_TIM_Encoder_Stop_IT	0	static
../Drivers/STM32G4xx_HAL_Driver/Src/stm32g4xx_hal_tim.c:3556:19:HAL_TIM_Encoder_Start_DMA	32	static
../Drivers/STM32G4xx_HAL_Driver/Src/stm32g4xx_hal_tim.c:3769:19:HAL_TIM_Encoder_Stop_DMA	8	static
../Drivers/STM32G4xx_HAL_Driver/Src/stm32g4xx_hal_tim.c:4698:19:HAL_TIM_DMABurst_MultiWriteStart	16	static
../Drivers/STM32G4xx_HAL_Driver/Src/stm32g4xx_hal_tim.c:4637:19:HAL_TIM_DMABurst_WriteStart	16	static
../Drivers/STM32G4xx_HAL_Driver/Src/stm32g4xx_hal_tim.c:4882:19:HAL_TIM_DMABurst_WriteStop	16	static
../Drivers/STM32G4xx_HAL_Driver/Src/stm32g4xx_hal_tim.c:5052:19:HAL_TIM_DMABurst_MultiReadStart	16	static
../Drivers/STM32G4xx_HAL_Driver/Src/stm32g4xx_hal_tim.c:4992:19:HAL_TIM_DMABurst_ReadStart	16	static
../Drivers/STM32G4xx_HAL_Driver/Src/stm32g4xx_hal_tim.c:5236:19:HAL_TIM_DMABurst_ReadStop	0	static
../Drivers/STM32G4xx_HAL_Driver/Src/stm32g4xx_hal_tim.c:5320:19:HAL_TIM_GenerateEvent	0	static
../Drivers/STM32G4xx_HAL_Driver/Src/stm32g4xx_hal_tim.c:5359:19:HAL_TIM_ConfigOCrefClear	12	static
../Drivers/STM32G4xx_HAL_Driver/Src/stm32g4xx_hal_tim.c:5561:19:HAL_TIM_ConfigClockSource	16	static
../Drivers/STM32G4xx_HAL_Driver/Src/stm32g4xx_hal_tim.c:5729:19:HAL_TIM_ConfigTI1Input	0	static
../Drivers/STM32G4xx_HAL_Driver/Src/stm32g4xx_hal_tim.c:5761:19:HAL_TIM_SlaveConfigSynchro	16	static
../Drivers/STM32G4xx_HAL_Driver/Src/stm32g4xx_hal_tim.c:5801:19:HAL_TIM_SlaveConfigSynchro_IT	16	static
../Drivers/STM32G4xx_HAL_Driver/Src/stm32g4xx_hal_tim.c:5844:10:HAL_TIM_ReadCapturedValue	0	static
../Drivers/STM32G4xx_HAL_Driver/Src/stm32g4xx_hal_tim.c:5932:13:HAL_TIM_PeriodElapsedCallback	0	static
../Drivers/STM32G4xx_HAL_Driver/Src/stm32g4xx_hal_tim.c:7032:13:TIM_DMAPeriodElapsedCplt	8	static
../Drivers/STM32G4xx_HAL_Driver/Src/stm32g4xx_hal_tim.c:5947:13:HAL_TIM_PeriodElapsedHalfCpltCallback	0	static
../Drivers/STM32G4xx_HAL_Driver/Src/stm32g4xx_hal_tim.c:7053:13:TIM_DMAPeriodElapsedHalfCplt	8	static
../Drivers/STM32G4xx_HAL_Driver/Src/stm32g4xx_hal_tim.c:5962:13:HAL_TIM_OC_DelayElapsedCallback	0	static
../Drivers/STM32G4xx_HAL_Driver/Src/stm32g4xx_hal_tim.c:5977:13:HAL_TIM_IC_CaptureCallback	0	static
../Drivers/STM32G4xx_HAL_Driver/Src/stm32g4xx_hal_tim.c:6930:6:TIM_DMACaptureCplt	8	static
../Drivers/STM32G4xx_HAL_Driver/Src/stm32g4xx_hal_tim.c:5992:13:HAL_TIM_IC_CaptureHalfCpltCallback	0	static
../Drivers/STM32G4xx_HAL_Driver/Src/stm32g4xx_hal_tim.c:6993:6:TIM_DMACaptureHalfCplt	8	static
../Drivers/STM32G4xx_HAL_Driver/Src/stm32g4xx_hal_tim.c:6007:13:HAL_TIM_PWM_PulseFinishedCallback	0	static
../Drivers/STM32G4xx_HAL_Driver/Src/stm32g4xx_hal_tim.c:6832:13:TIM_DMADelayPulseCplt	8	static
../Drivers/STM32G4xx_HAL_Driver/Src/stm32g4xx_hal_tim.c:6022:13:HAL_TIM_PWM_PulseFinishedHalfCpltCallback	0	static
../Drivers/STM32G4xx_HAL_Driver/Src/stm32g4xx_hal_tim.c:6891:6:TIM_DMADelayPulseHalfCplt	8	static
../Drivers/STM32G4xx_HAL_Driver/Src/stm32g4xx_hal_tim.c:6037:13:HAL_TIM_TriggerCallback	0	static
../Drivers/STM32G4xx_HAL_Driver/Src/stm32g4xx_hal_tim.c:3846:6:HAL_TIM_IRQHandler	16	static
../Drivers/STM32G4xx_HAL_Driver/Src/stm32g4xx_hal_tim.c:7069:13:TIM_DMATriggerCplt	8	static
../Drivers/STM32G4xx_HAL_Driver/Src/stm32g4xx_hal_tim.c:6052:13:HAL_TIM_TriggerHalfCpltCallback	0	static
../Drivers/STM32G4xx_HAL_Driver/Src/stm32g4xx_hal_tim.c:7090:13:TIM_DMATriggerHalfCplt	8	static
../Drivers/STM32G4xx_HAL_Driver/Src/stm32g4xx_hal_tim.c:6067:13:HAL_TIM_ErrorCallback	0	static
../Drivers/STM32G4xx_HAL_Driver/Src/stm32g4xx_hal_tim.c:6789:6:TIM_DMAError	8	static
../Drivers/STM32G4xx_HAL_Driver/Src/stm32g4xx_hal_tim.c:6669:22:HAL_TIM_Base_GetState	0	static
../Drivers/STM32G4xx_HAL_Driver/Src/stm32g4xx_hal_tim.c:6679:22:HAL_TIM_OC_GetState	0	static
../Drivers/STM32G4xx_HAL_Driver/Src/stm32g4xx_hal_tim.c:6689:22:HAL_TIM_PWM_GetState	0	static
../Drivers/STM32G4xx_HAL_Driver/Src/stm32g4xx_hal_tim.c:6699:22:HAL_TIM_IC_GetState	0	static
../Drivers/STM32G4xx_HAL_Driver/Src/stm32g4xx_hal_tim.c:6709:22:HAL_TIM_OnePulse_GetState	0	static
../Drivers/STM32G4xx_HAL_Driver/Src/stm32g4xx_hal_tim.c:6719:22:HAL_TIM_Encoder_GetState	0	static
../Drivers/STM32G4xx_HAL_Driver/Src/stm32g4xx_hal_tim.c:6729:23:HAL_TIM_GetActiveChannel	0	static
../Drivers/STM32G4xx_HAL_Driver/Src/stm32g4xx_hal_tim.c:6747:29:HAL_TIM_GetChannelState	0	static
../Drivers/STM32G4xx_HAL_Driver/Src/stm32g4xx_hal_tim.c:6764:30:HAL_TIM_DMABurstState	0	static
../Drivers/STM32G4xx_HAL_Driver/Src/stm32g4xx_hal_tim.c:7107:6:TIM_Base_SetConfig	12	static
../Drivers/STM32G4xx_HAL_Driver/Src/stm32g4xx_hal_tim.c:281:19:HAL_TIM_Base_Init	8	static
../Drivers/STM32G4xx_HAL_Driver/Src/stm32g4xx_hal_tim.c:665:19:HAL_TIM_OC_Init	8	static
../Drivers/STM32G4xx_HAL_Driver/Src/stm32g4xx_hal_tim.c:1334:19:HAL_TIM_PWM_Init	8	static
../Drivers/STM32G4xx_HAL_Driver/Src/stm32g4xx_hal_tim.c:2002:19:HAL_TIM_IC_Init	8	static
../Drivers/STM32G4xx_HAL_Driver/Src/stm32g4xx_hal_tim.c:2651:19:HAL_TIM_OnePulse_Init	16	static
../Drivers/STM32G4xx_HAL_Driver/Src/stm32g4xx_hal_tim.c:3042:19:HAL_TIM_Encoder_Init	24	static
../Drivers/STM32G4xx_HAL_Driver/Src/stm32g4xx_hal_tim.c:7236:6:TIM_OC2_SetConfig	12	static
../Drivers/STM32G4xx_HAL_Driver/Src/stm32g4xx_hal_tim.c:4132:19:HAL_TIM_OC_ConfigChannel	8	static
../Drivers/STM32G4xx_HAL_Driver/Src/stm32g4xx_hal_tim.c:4332:19:HAL_TIM_PWM_ConfigChannel	16	static
../Drivers/STM32G4xx_HAL_Driver/Src/stm32g4xx_hal_tim.c:7726:6:TIM_TI1_SetConfig	12	static
../Drivers/STM32G4xx_HAL_Driver/Src/stm32g4xx_hal_tim.c:4231:19:HAL_TIM_IC_ConfigChannel	24	static
../Drivers/STM32G4xx_HAL_Driver/Src/stm32g4xx_hal_tim.c:4480:19:HAL_TIM_OnePulse_ConfigChannel	48	static
../Drivers/STM32G4xx_HAL_Driver/Src/stm32g4xx_hal_tim.c:8085:6:TIM_ETR_SetConfig	4	static
../Drivers/STM32G4xx_HAL_Driver/Src/stm32g4xx_hal_tim.c:8117:6:TIM_CCxChannelCmd	0	static
